// Jest Snapshot v1, https://goo.gl/fbAQLP

exports[`makeApiRequest returns a correctly formatted API_REQUEST action object 1`] = `
Object {
  "API_REQUEST": Object {
    "meta": Object {
      "method": "get",
      "transformer": [MockFunction],
      "url": "foo",
    },
    "type": "FOO",
  },
}
`;
