// Jest Snapshot v1, https://goo.gl/fbAQLP

exports[`renders users from the store 1`] = `
<ul>
  <li
    key="123"
  >
    <User
      name="foo"
      role={
        Object {
          "foo": "bar",
        }
      }
    />
  </li>
  <li
    key="456"
  >
    <User
      name="baz"
      role={
        Object {
          "foo": "bar",
        }
      }
    />
  </li>
</ul>
`;
